Gmsh already available (v4.15.2)
Neper already available in PATH.
Reading input file: mwe_data/ff_calibration/0.csv
Orientation columns found: ['Eul0', 'Eul1', 'Eul2']
Elastic strain columns found: ['eKen11', 'eKen12', 'eKen13', 'eKen21', 'eKen22', 'eKen23', 'eKen31', 'eKen32', 'eKen33']
Converting orientation angles from radians to degrees.
Converting microstrain to strain (x1e-6).
Loaded 500 points, using columns: ['X', 'Y', 'Z', 'GrainRadius', 'Eul0', 'Eul1', 'Eul2', 'eKen11', 'eKen12', 'eKen13', 'eKen21', 'eKen22', 'eKen23', 'eKen31', 'eKen32', 'eKen33']

Manual rotation:
Rotated dataset by rotate_angles [0, 0, 0] (rad).

Validating bounding box...
Auto-fix enabled: removing points outside bounding box with 2.5% tolerance.

Bounding box: X=(-452.9022,506.1718), Y=(-442.6584,490.8771), Z=(-964.6668,547.0801)
 Data extents before: X=(-473.1410,526.4106), Y=(-462.2251,510.4439), Z=(-999.4496,581.8630)


Removed 40 out-of-bounds points; 460 remain.


Data extents after:  X=(-449.7266,504.2708), Y=(-441.7311,490.1126), Z=(-963.4059,544.3286)
Neper coordinate file created: graintrace_mcp_out/FF_test/points.dat
Neper orientation file created: graintrace_mcp_out/FF_test/orientations.dat

Centroid tessellation (3D): only coordinate input. Weighted option will be ignored.

=== Running Neper Tessellation ===

> neper -T -n 460 -reg 1 -dim 3 -domain cube(1009.5515559999999,982.6689329999999,1591.3125610000002):translate(-478.140962,-467.225078,-1004.449598) -oridescriptor rotmat -o graintrace_mcp_out/FF_test/reconstruction -format tess,geo,tesr -tesrsize 100,100,100 -tesrformat ascii -morpho centroid:file(graintrace_mcp_out/FF_test/points.dat) -morphooptiini coo:LLLFP2011 -morphooptistop iter=20 -morphooptialgo subplex -ori file(graintrace_mcp_out/FF_test/orientations.dat,des=euler-bunge)
Voronoi tessellation completed: graintrace_mcp_out/FF_test/reconstruction.tess

Evaluating tessellation correctness, in figures folder


=== Updating cell properties with rotation ===


Updated *ori section in graintrace_mcp_out/FF_test/reconstruction.tess
by applying the rotation matrix:
[[1. 0. 0.]
 [0. 1. 0.]
 [0. 0. 1.]]

Apply rotation to elastic strain tensors


=== Computing Voronoi Cell and Seed Properties ===
> neper -T -loadtess graintrace_mcp_out/FF_test/reconstruction.tess -statcell id,vol,w,x,y,z,radeq -statseed id,w,x,y,z -format ori -oridescriptor rotmat
Exported merged cell/seed data to graintrace_mcp_out/FF_test/reconstruction_out.csv

Exported elastic strain tensors to graintrace_mcp_out/FF_test/reconstruction.ee

Evaluation figures saved in graintrace_mcp_out/FF_test/figures

=== Reformatting .tesr file ===

TESR voxel grid: 87 x 84 x 137 = 1001196 voxels
Voxel size: dx=11.604040873563, dy=11.698439678571, dz=11.615420153285
Wrote CSV: graintrace_mcp_out/FF_test/reconstruction_reformatted.csv
Wrote VTK: graintrace_mcp_out/FF_test/reconstruction_reformatted.vtk
